--------- beginning of main
10-01 01:01:44.970 18756 18756 I T4A11Y  : type=TYPE_VIEW_ACCESSIBILITY_FOCUS_CLEARED package=tech.expoli.rustrss id=null text=null desc=null a11yFocus=false
10-01 01:01:44.992 18756 18756 I T4A11Y  : type=TYPE_VIEW_ACCESSIBILITY_FOCUS_CLEARED package=tech.expoli.rustrss id=null text=RustRss desc=null a11yFocus=true
10-01 01:01:45.003 18756 18756 I T4A11Y  : type=TYPE_VIEW_ACCESSIBILITY_FOCUS_CLEARED package=tech.expoli.rustrss id=null text=RustRss desc=null a11yFocus=true
10-01 01:01:45.003 18756 18756 I T4A11Y  : type=TYPE_WINDOWS_CHANGED package=null id=null text=null desc=null a11yFocus=null
10-01 01:01:45.006 18756 18756 I T4A11Y  : type=TYPE_VIEW_ACCESSIBILITY_FOCUSED package=tech.expoli.rustrss id=null text=RustRss desc=null a11yFocus=true
10-01 01:01:45.170 18756 18756 I T4A11Y  : type=TYPE_VIEW_ACCESSIBILITY_FOCUS_CLEARED package=tech.expoli.rustrss id=null text=RustRss desc=null a11yFocus=false
10-01 01:01:45.187 18756 18756 I T4A11Y  : type=TYPE_VIEW_ACCESSIBILITY_FOCUSED package=tech.expoli.rustrss id=m-reader-back text=返回列表 desc=null a11yFocus=true
10-01 01:01:45.187 18756 18756 I T4A11Y  : type=TYPE_WINDOWS_CHANGED package=null id=null text=null desc=null a11yFocus=null
10-01 01:01:45.470 18756 18756 I T4A11Y  : type=TYPE_VIEW_ACCESSIBILITY_FOCUS_CLEARED package=tech.expoli.rustrss id=m-reader-back text=返回列表 desc=null a11yFocus=false
10-01 01:01:45.490 18756 18756 I T4A11Y  : type=TYPE_VIEW_ACCESSIBILITY_FOCUSED package=tech.expoli.rustrss id=reader text= desc=null a11yFocus=true
10-01 01:01:45.490 18756 18756 I T4A11Y  : type=TYPE_WINDOWS_CHANGED package=null id=null text=null desc=null a11yFocus=null
10-01 01:01:45.769 18756 18756 I T4A11Y  : type=TYPE_VIEW_ACCESSIBILITY_FOCUS_CLEARED package=tech.expoli.rustrss id=reader text= desc=null a11yFocus=false
10-01 01:01:45.769 18756 18756 I T4A11Y  : type=TYPE_WINDOWS_CHANGED package=null id=null text=null desc=null a11yFocus=null
10-01 01:01:45.787 18756 18756 I T4A11Y  : type=TYPE_VIEW_ACCESSIBILITY_FOCUSED package=tech.expoli.rustrss id=null text=000 · 一篇用于测试长标题换行的文章：阅读布局在中文和 English words 混排时必须完整保留标题与操作入口 desc=null a11yFocus=true
10-01 01:01:46.103 18756 18756 I T4A11Y  : type=TYPE_VIEW_ACCESSIBILITY_FOCUS_CLEARED package=tech.expoli.rustrss id=null text=000 · 一篇用于测试长标题换行的文章：阅读布局在中文和 English words 混排时必须完整保留标题与操作入口 desc=null a11yFocus=false
10-01 01:01:46.120 18756 18756 I T4A11Y  : type=TYPE_VIEW_ACCESSIBILITY_FOCUSED package=tech.expoli.rustrss id=null text=中文阅读 · 日常观察 desc=null a11yFocus=true
10-01 01:01:46.120 18756 18756 I T4A11Y  : type=TYPE_WINDOWS_CHANGED package=null id=null text=null desc=null a11yFocus=null
10-01 01:01:46.386 18756 18756 I T4A11Y  : type=TYPE_VIEW_ACCESSIBILITY_FOCUS_CLEARED package=tech.expoli.rustrss id=null text=中文阅读 · 日常观察 desc=null a11yFocus=false
10-01 01:01:46.403 18756 18756 I T4A11Y  : type=TYPE_VIEW_ACCESSIBILITY_FOCUSED package=tech.expoli.rustrss id=null text=2026/09/30 desc=null a11yFocus=true
10-01 01:01:46.403 18756 18756 I T4A11Y  : type=TYPE_WINDOWS_CHANGED package=null id=null text=null desc=null a11yFocus=null
10-01 01:01:46.670 18756 18756 I T4A11Y  : type=TYPE_VIEW_ACCESSIBILITY_FOCUS_CLEARED package=tech.expoli.rustrss id=null text=2026/09/30 desc=null a11yFocus=false
10-01 01:01:46.687 18756 18756 I T4A11Y  : type=TYPE_VIEW_ACCESSIBILITY_FOCUSED package=tech.expoli.rustrss id=null text=示例作者 desc=null a11yFocus=true
10-01 01:01:46.687 18756 18756 I T4A11Y  : type=TYPE_WINDOWS_CHANGED package=null id=null text=null desc=null a11yFocus=null
10-01 01:01:46.970 18756 18756 I T4A11Y  : type=TYPE_VIEW_ACCESSIBILITY_FOCUS_CLEARED package=tech.expoli.rustrss id=null text=示例作者 desc=null a11yFocus=false
10-01 01:01:46.987 18756 18756 I T4A11Y  : type=TYPE_VIEW_ACCESSIBILITY_FOCUSED package=tech.expoli.rustrss id=act-aa text=Aa desc=null a11yFocus=true
10-01 01:01:46.987 18756 18756 I T4A11Y  : type=TYPE_WINDOWS_CHANGED package=null id=null text=null desc=null a11yFocus=null
10-01 01:01:47.253 18756 18756 I T4A11Y  : type=TYPE_VIEW_ACCESSIBILITY_FOCUS_CLEARED package=tech.expoli.rustrss id=act-aa text=Aa desc=null a11yFocus=false
10-01 01:01:47.270 18756 18756 I T4A11Y  : type=TYPE_VIEW_ACCESSIBILITY_FOCUSED package=tech.expoli.rustrss id=act-star text=加星标 desc=null a11yFocus=true
10-01 01:01:47.270 18756 18756 I T4A11Y  : type=TYPE_WINDOWS_CHANGED package=null id=null text=null desc=null a11yFocus=null
10-01 01:01:47.570 18756 18756 I T4A11Y  : type=TYPE_VIEW_ACCESSIBILITY_FOCUS_CLEARED package=tech.expoli.rustrss id=act-star text=加星标 desc=null a11yFocus=false
10-01 01:01:47.588 18756 18756 I T4A11Y  : type=TYPE_VIEW_ACCESSIBILITY_FOCUSED package=tech.expoli.rustrss id=act-later text=稍后读 desc=null a11yFocus=true
10-01 01:01:47.588 18756 18756 I T4A11Y  : type=TYPE_WINDOWS_CHANGED package=null id=null text=null desc=null a11yFocus=null
10-01 01:01:47.869 18756 18756 I T4A11Y  : type=TYPE_VIEW_ACCESSIBILITY_FOCUS_CLEARED package=tech.expoli.rustrss id=act-later text=稍后读 desc=null a11yFocus=false
10-01 01:01:47.869 18756 18756 I T4A11Y  : type=TYPE_WINDOWS_CHANGED package=null id=null text=null desc=null a11yFocus=null
10-01 01:01:47.887 18756 18756 I T4A11Y  : type=TYPE_VIEW_ACCESSIBILITY_FOCUSED package=tech.expoli.rustrss id=act-more text=更多 desc=null a11yFocus=true
10-01 01:01:48.204 18756 18756 I T4A11Y  : type=TYPE_VIEW_FOCUSED package=tech.expoli.rustrss id=null text=null desc=null a11yFocus=false
10-01 01:01:48.224 18756 18756 I T4A11Y  : type=TYPE_WINDOW_CONTENT_CHANGED package=tech.expoli.rustrss id=null text=null desc=null a11yFocus=false
10-01 01:01:48.239 18756 18756 I T4A11Y  : type=TYPE_WINDOW_CONTENT_CHANGED package=tech.expoli.rustrss id=null text=RustRss desc=null a11yFocus=false
10-01 01:01:48.242 18756 18756 I T4A11Y  : type=TYPE_VIEW_FOCUSED package=tech.expoli.rustrss id=null text=标为未读 desc=null a11yFocus=true
10-01 01:01:48.243 18756 18756 I T4A11Y  : type=TYPE_VIEW_ACCESSIBILITY_FOCUSED package=tech.expoli.rustrss id=null text=标为未读 desc=null a11yFocus=true
10-01 01:01:48.245 18756 18756 I T4A11Y  : type=TYPE_VIEW_CLICKED package=tech.expoli.rustrss id=null text=RustRss desc=null a11yFocus=false
10-01 01:01:48.862 18756 18756 I T4A11Y  : type=TYPE_VIEW_ACCESSIBILITY_FOCUS_CLEARED package=tech.expoli.rustrss id=null text=标为未读 desc=null a11yFocus=true
10-01 01:01:48.879 18756 18756 I T4A11Y  : type=TYPE_VIEW_ACCESSIBILITY_FOCUS_CLEARED package=tech.expoli.rustrss id=null text=标为未读 desc=null a11yFocus=true
10-01 01:01:48.888 18756 18756 I T4A11Y  : type=TYPE_VIEW_ACCESSIBILITY_FOCUSED package=tech.expoli.rustrss id=null text=标为未读 desc=null a11yFocus=true
10-01 01:01:48.888 18756 18756 I T4A11Y  : type=TYPE_WINDOWS_CHANGED package=null id=null text=null desc=null a11yFocus=null
10-01 01:01:49.601 18756 18756 I T4A11Y  : type=TYPE_WINDOW_CONTENT_CHANGED package=tech.expoli.rustrss id=null text=null desc=null a11yFocus=null
10-01 01:01:49.604 18756 18756 I T4A11Y  : type=TYPE_WINDOW_CONTENT_CHANGED package=tech.expoli.rustrss id=null text=RustRss desc=null a11yFocus=false
10-01 01:01:49.622 18756 18756 I T4A11Y  : type=TYPE_VIEW_FOCUSED package=tech.expoli.rustrss id=act-more text=更多 desc=null a11yFocus=true
10-01 01:01:49.623 18756 18756 I T4A11Y  : type=TYPE_VIEW_ACCESSIBILITY_FOCUSED package=tech.expoli.rustrss id=act-more text=更多 desc=null a11yFocus=true
10-01 01:01:49.624 18756 18756 I T4A11Y  : type=TYPE_WINDOW_CONTENT_CHANGED package=tech.expoli.rustrss id=status text= desc=null a11yFocus=false
10-01 01:01:49.638 18756 18756 I T4A11Y  : type=TYPE_WINDOW_CONTENT_CHANGED package=tech.expoli.rustrss id=null text= desc=null a11yFocus=false
10-01 01:01:49.655 18756 18756 I T4A11Y  : type=TYPE_VIEW_ACCESSIBILITY_FOCUS_CLEARED package=tech.expoli.rustrss id=act-more text=更多 desc=null a11yFocus=true
10-01 01:01:49.670 18756 18756 I T4A11Y  : type=TYPE_VIEW_ACCESSIBILITY_FOCUS_CLEARED package=tech.expoli.rustrss id=act-more text=更多 desc=null a11yFocus=true
10-01 01:01:49.674 18756 18756 I T4A11Y  : type=TYPE_VIEW_ACCESSIBILITY_FOCUSED package=tech.expoli.rustrss id=act-more text=更多 desc=null a11yFocus=true
10-01 01:01:49.674 18756 18756 I T4A11Y  : type=TYPE_WINDOWS_CHANGED package=null id=null text=null desc=null a11yFocus=null
10-01 01:01:50.029 18756 18756 I T4A11Y  : type=TYPE_WINDOW_CONTENT_CHANGED package=tech.expoli.rustrss id=null text=null desc=null a11yFocus=false
10-01 01:01:50.037 18756 18756 I T4A11Y  : type=TYPE_WINDOW_CONTENT_CHANGED package=tech.expoli.rustrss id=null text=RustRss desc=null a11yFocus=false
10-01 01:01:50.053 18756 18756 I T4A11Y  : type=TYPE_VIEW_FOCUSED package=tech.expoli.rustrss id=null text=标为已读 desc=null a11yFocus=true
10-01 01:01:50.057 18756 18756 I T4A11Y  : type=TYPE_VIEW_ACCESSIBILITY_FOCUSED package=tech.expoli.rustrss id=null text=标为已读 desc=null a11yFocus=true
10-01 01:01:50.058 18756 18756 I T4A11Y  : type=TYPE_VIEW_CLICKED package=tech.expoli.rustrss id=null text=RustRss desc=null a11yFocus=false
10-01 01:01:50.078 18756 18756 I T4A11Y  : type=TYPE_VIEW_ACCESSIBILITY_FOCUS_CLEARED package=tech.expoli.rustrss id=null text=标为已读 desc=null a11yFocus=false
10-01 01:01:50.078 18756 18756 I T4A11Y  : type=TYPE_VIEW_ACCESSIBILITY_FOCUS_CLEARED package=tech.expoli.rustrss id=null text=标为已读 desc=null a11yFocus=false
10-01 01:01:50.094 18756 18756 I T4A11Y  : type=TYPE_VIEW_ACCESSIBILITY_FOCUSED package=tech.expoli.rustrss id=null text=标为已读 desc=null a11yFocus=true
10-01 01:01:50.094 18756 18756 I T4A11Y  : type=TYPE_WINDOWS_CHANGED package=null id=null text=null desc=null a11yFocus=null
10-01 01:01:50.216 18756 18756 I T4A11Y  : type=TYPE_WINDOW_CONTENT_CHANGED package=tech.expoli.rustrss id=null text=null desc=null a11yFocus=null
10-01 01:01:50.220 18756 18756 I T4A11Y  : type=TYPE_WINDOW_CONTENT_CHANGED package=tech.expoli.rustrss id=null text=RustRss desc=null a11yFocus=false
10-01 01:01:50.238 18756 18756 I T4A11Y  : type=TYPE_VIEW_FOCUSED package=tech.expoli.rustrss id=act-more text=更多 desc=null a11yFocus=true
10-01 01:01:50.241 18756 18756 I T4A11Y  : type=TYPE_VIEW_ACCESSIBILITY_FOCUSED package=tech.expoli.rustrss id=act-more text=更多 desc=null a11yFocus=true
10-01 01:01:50.242 18756 18756 I T4A11Y  : type=TYPE_WINDOW_CONTENT_CHANGED package=tech.expoli.rustrss id=status text= desc=null a11yFocus=false
10-01 01:01:50.243 18756 18756 I T4A11Y  : type=TYPE_WINDOW_CONTENT_CHANGED package=tech.expoli.rustrss id=null text= desc=null a11yFocus=false
10-01 01:01:50.253 18756 18756 I T4A11Y  : type=TYPE_VIEW_ACCESSIBILITY_FOCUS_CLEARED package=tech.expoli.rustrss id=act-more text=更多 desc=null a11yFocus=true
10-01 01:01:50.271 18756 18756 I T4A11Y  : type=TYPE_VIEW_ACCESSIBILITY_FOCUS_CLEARED package=tech.expoli.rustrss id=act-more text=更多 desc=null a11yFocus=true
10-01 01:01:50.287 18756 18756 I T4A11Y  : type=TYPE_VIEW_ACCESSIBILITY_FOCUSED package=tech.expoli.rustrss id=act-more text=更多 desc=null a11yFocus=true
10-01 01:01:50.287 18756 18756 I T4A11Y  : type=TYPE_WINDOWS_CHANGED package=null id=null text=null desc=null a11yFocus=null
