✔ chat renders actual parts_json text blocks, not arbitrary HTML/tools (6.132564ms)
✔ send binds digest date/scope; privacy is remembered per endpoint and scope (4.067293ms)
✔ privacy cancellation retains draft and never sends (2.320506ms)
✔ single-flight submit and running stop do not resend (8.154654ms)
✔ configuration/setup and budget errors retain draft and exact backend error (4.490146ms)
✔ completion never steals navigation, including events for another session (2.124444ms)
✔ late session fetch cannot paint a replaced chat/article (1.935485ms)
✔ persisted fast failure exposes setup and recovers the submitted draft (1.977024ms)
✔ successful send clears the unbound draft cache (1.656946ms)
✔ message reconciliation preserves unchanged bubbles and never scrolls an up-scrolled user (2.290369ms)
✔ chat navigation clears selected article and invalidates reader; composition Enter is ignored (2.802271ms)
✔ mobile chat Back closes input before returning to digests; navigation remains five tabs (1.740915ms)
✔ i18n dictionaries have matching keys and all chat keys in both languages (4.416857ms)
✔ deferred history load blocks input/send/retry and confirms the persisted scope after loading (2.400789ms)
✔ failed deferred history load remains blocked instead of authorizing unknown scope (1.322581ms)
✔ deferred successful receipt preserves a newer draft even if completion arrived first (9.237641ms)
✔ deferred receipt only clears an unchanged submitted snapshot (1.706681ms)
✔ locale change during deferred history load retranslates chat without replacing draft, route or scroll (2.264901ms)
✔ deferred delete cannot steal navigation to article (1.728733ms)
✔ deferred delete cannot steal navigation to another chat (1.535666ms)
✔ chunks batch one render, patch only the current text node and never scroll up-scrolled readers (1.625146ms)
✔ late, duplicate, wrong-message and post-terminal chunks are discarded without rendering (1.156827ms)
✔ earlier messages prepend with an anchored scroll position, single flight and deduplication (1.202293ms)
✔ pagination replies after navigation are ignored and terminal refresh retains previously loaded pages (1.103375ms)
✔ chunks before a new-session receipt or while hidden are retained without stealing navigation (0.983227ms)
✔ error keeps the partial bubble until persisted reply and does not replace the failure notice with partial output (3.733369ms)
✔ openDigestDate clears the selected entry (s/u/l cannot touch a hidden article) (3.557435ms)
✔ a late digest response must not replace an article opened meanwhile (1.976203ms)
✔ empty state distinguishes no subscriptions, search, unread and tag views (3.816407ms)
✔ a subscribed feed whose initial fetch fails is not reported as success (3.166984ms)
✔ successful initial fetch retains successful status and normal cleanup (1.332661ms)
✔ fetch messages use stable codes rather than diagnostic language (1.345295ms)
✔ IPC preserves structured discovery code while retaining legacy string errors (1.861004ms)
✔ proxy save trims custom values and clears inactive proxy fields (3.664459ms)
✔ proxy rejection leaves accepted settings alone and releases the save button (2.731957ms)
✔ feed reorder rejects self, foreign groups and stale IDs before IPC (3.319323ms)
✔ unsubscribe cancellation cannot delete and confirmation sends exact feed ID (7.102426ms)
✔ folder deletion explains rehomed feeds and cancellation performs no write (2.313663ms)
✔ every fetch failure code the core can emit has a mapping (1.419285ms)
✔ every mapped key exists in both language dictionaries (1.280111ms)
✔ question mark opens keyboard help, with a missing-binding negative control (6.725691ms)
✔ help never opens while typing or over settings and never navigates behind its dialog (4.389855ms)
✔ sidebar rows activate by Enter or Space without activating nested controls twice (1.821679ms)
✔ article navigation moves focus away from sidebar activation targets (3.926786ms)
✔ footer performs zero writes when unchanged (3.608693ms)
✔ older total response cannot replace newer cache; resolved total refreshes footer (2.237819ms)
✔ old page cannot overwrite cursor after view reset (4.479155ms)
✔ folder list and totals carry the selected folder (2.196651ms)
✔ late article response cannot replace the more recently opened article (2.175731ms)
✔ moving a feed refreshes the open folder membership (1.660864ms)
✔ batch marking sends explicit all scope (3.782913ms)
✔ batch marking sends explicit unread scope (4.022749ms)
✔ batch marking sends explicit starred scope (1.465302ms)
✔ batch marking sends explicit later scope (1.431728ms)
✔ batch marking sends explicit feed scope (1.891622ms)
✔ batch marking sends explicit tag scope (1.740956ms)
✔ batch marking sends explicit folder scope (1.680201ms)
✔ batch marking sends explicit search scope (1.444071ms)
✔ all UI JavaScript literal ID references have markup or runtime creators (12.10707ms)
✔ runtime IDs are accepted only with a creation path (6.063634ms)
✔ negative control: deleted IDs in every UI file are rejected (51.056287ms)
✔ fixed preview protocol serves scripts and stylesheets in shared markup (0.947038ms)
✔ native component fixture serves the shared icon script (0.823904ms)
✔ resource scanning tolerates attribute order, quote style and extra attributes (0.372357ms)
✔ negative control: omitted script and stylesheet resources are rejected (1.475662ms)
✔ preview inline colors use shared renderer variables (0.346518ms)
✔ appearance and Aa use one reading field definition (2.904826ms)
✔ sparse patches preserve unrelated fields and distinguish inherit from clear all (3.435814ms)
✔ draft preview never persists or changes the base revision (0.782075ms)
✔ late validation is discarded after another edit or cancel (0.462669ms)
✔ seven categories retain old non-theme action IDs exactly once (1.306481ms)
✔ reset-all then edit preserves removal of every other existing override (0.649323ms)
✔ superseded validation errors do not replace a newer successful preview (0.47415ms)
✔ language switching cannot silently discard a theme draft (2.100158ms)
✔ late font discovery refreshes every live editor without resetting drafts (16.893328ms)
✔ failed font discovery can be retried on the next opening (3.337387ms)
✔ hidden polling does not read; event forces a check; unchanged revision does not apply (1.094729ms)
✔ one in-flight check coalesces bursts and catches a notification arriving during a read (0.514036ms)
✔ disposing drops late replies and failures do not poison the next read (0.665464ms)
✔ every semantic color and layout field maps to a bounded token (2.653348ms)
✔ same snapshot has zero writes; color changes do not touch layout or DOM children (3.512419ms)
✔ system changes use complete mode palette without persisting; stale revisions ignored (0.680171ms)
✔ font names are individual escaped families; generic fallbacks stay generic (0.268299ms)
✔ local slider preview resets to the authoritative snapshot without a revision change (0.608485ms)
✔ layout change preserves live paragraph offset without replacing nodes (0.676404ms)
✔ late font completion does not undo user scrolling or touch a replaced article (0.566506ms)
✔ settings responses cannot roll the current theme backward (3.751624ms)
✔ list thumbnail markup escapes remote URLs and suppresses referrer (3.274247ms)
✔ theme thumbnail preference toggles the existing list image without replacing it (5.41359ms)
ℹ tests 89
ℹ suites 0
ℹ pass 89
ℹ fail 0
ℹ cancelled 0
ℹ skipped 0
ℹ todo 0
ℹ duration_ms 178.575073
