        Info Using installed NDK: /usr/lib/android-sdk/ndk/27.2.12479018
        Info Looking up installed tauri packages to check mismatched versions...
[1m[92m    Finished[0m `dev` profile [unoptimized + debuginfo] target(s) in 0.79s
        Info symlinking lib "/home/tcy/Github/RustRss/target/x86_64-linux-android/debug/librustrss_desktop_lib.so" in jniLibs dir "/home/tcy/Github/RustRss/src-tauri/gen/android/app/src/main/jniLibs/x86_64"
        Info "/home/tcy/Github/RustRss/target/x86_64-linux-android/debug/librustrss_desktop_lib.so" requires shared lib "libandroid.so"
        Info "/home/tcy/Github/RustRss/target/x86_64-linux-android/debug/librustrss_desktop_lib.so" requires shared lib "libdl.so"
        Info "/home/tcy/Github/RustRss/target/x86_64-linux-android/debug/librustrss_desktop_lib.so" requires shared lib "liblog.so"
        Info "/home/tcy/Github/RustRss/target/x86_64-linux-android/debug/librustrss_desktop_lib.so" requires shared lib "libm.so"
        Info "/home/tcy/Github/RustRss/target/x86_64-linux-android/debug/librustrss_desktop_lib.so" requires shared lib "libc.so"
        Info symlink at "/home/tcy/Github/RustRss/src-tauri/gen/android/app/src/main/jniLibs/x86_64/librustrss_desktop_lib.so" points to "/home/tcy/Github/RustRss/target/x86_64-linux-android/debug/librustrss_desktop_lib.so"
WARNING: The option setting 'android.proguard.failOnMissingFiles=false' is deprecated.
The current default is 'true'.
It will be removed in version 10.0 of the Android Gradle plugin.
Add android.sync.suppressAgpWarnings=UNSUPPORTED_PROJECT_OPTION_USE to the gradle.properties file to suppress this warning.
WARNING: The option setting 'android.builtInKotlin=false' is deprecated.
The current default is 'true'.
It will be removed in version 10.0 of the Android Gradle plugin.
Add android.sync.suppressAgpWarnings=UNSUPPORTED_PROJECT_OPTION_USE to the gradle.properties file to suppress this warning.
WARNING: The option setting 'android.newDsl=false' is deprecated.
The current default is 'true'.
It will be removed in version 10.0 of the Android Gradle plugin.
Add android.sync.suppressAgpWarnings=UNSUPPORTED_PROJECT_OPTION_USE to the gradle.properties file to suppress this warning.
WARNING: API 'applicationVariants' is obsolete and has been replaced with 'AndroidComponentsExtension'.
It will be removed in version 10.0 of the Android Gradle plugin.
The legacy variant API is disabled by default in AGP 9.0, but can be re-enabled by adding 
    android.newDsl=false
to this project's gradle.properties file.
For more information, see http://developer.android.com/build/r/new-dsl.

To determine what is calling applicationVariants, use -Pandroid.debug.obsoleteApi=true on the command line to display more information.
Add android.sync.suppressAgpWarnings=DEPRECATED_DSL to the gradle.properties file to suppress this warning.
WARNING: API 'testVariants' is obsolete and has been replaced with 'AndroidComponentsExtension'.
It will be removed in version 10.0 of the Android Gradle plugin.
The legacy variant API is disabled by default in AGP 9.0, but can be re-enabled by adding 
    android.newDsl=false
to this project's gradle.properties file.
For more information, see http://developer.android.com/build/r/new-dsl.

To determine what is calling testVariants, use -Pandroid.debug.obsoleteApi=true on the command line to display more information.
Add android.sync.suppressAgpWarnings=DEPRECATED_DSL to the gradle.properties file to suppress this warning.
WARNING: API 'unitTestVariants' is obsolete and has been replaced with 'AndroidComponentsExtension'.
It will be removed in version 10.0 of the Android Gradle plugin.
The legacy variant API is disabled by default in AGP 9.0, but can be re-enabled by adding 
    android.newDsl=false
to this project's gradle.properties file.
For more information, see http://developer.android.com/build/r/new-dsl.

To determine what is calling unitTestVariants, use -Pandroid.debug.obsoleteApi=true on the command line to display more information.
Add android.sync.suppressAgpWarnings=DEPRECATED_DSL to the gradle.properties file to suppress this warning.
WARNING: API 'libraryVariants' is obsolete and has been replaced with 'AndroidComponentsExtension'.
It will be removed in version 10.0 of the Android Gradle plugin.
The legacy variant API is disabled by default in AGP 9.0, but can be re-enabled by adding 
    android.newDsl=false
to this project's gradle.properties file.
For more information, see http://developer.android.com/build/r/new-dsl.

To determine what is calling libraryVariants, use -Pandroid.debug.obsoleteApi=true on the command line to display more information.
Add android.sync.suppressAgpWarnings=DEPRECATED_DSL to the gradle.properties file to suppress this warning.
        Info connection; remote_addr=127.0.0.1:44622 conn_id=0
[1m[32m        Info[0m Using installed NDK: /usr/lib/android-sdk/ndk/27.2.12479018
[1m[92m    Finished[0m `dev` profile [unoptimized + debuginfo] target(s) in 0.58s
[1m[32m        Info[0m symlinking lib "/home/tcy/Github/RustRss/target/x86_64-linux-android/debug/librustrss_desktop_lib.so" in jniLibs dir "/home/tcy/Github/RustRss/src-tauri/gen/android/app/src/main/jniLibs/x86_64"
[1m[32m        Info[0m "/home/tcy/Github/RustRss/target/x86_64-linux-android/debug/librustrss_desktop_lib.so" requires shared lib "libandroid.so"
[1m[32m        Info[0m "/home/tcy/Github/RustRss/target/x86_64-linux-android/debug/librustrss_desktop_lib.so" requires shared lib "libdl.so"
[1m[32m        Info[0m "/home/tcy/Github/RustRss/target/x86_64-linux-android/debug/librustrss_desktop_lib.so" requires shared lib "liblog.so"
[1m[32m        Info[0m "/home/tcy/Github/RustRss/target/x86_64-linux-android/debug/librustrss_desktop_lib.so" requires shared lib "libm.so"
[1m[32m        Info[0m "/home/tcy/Github/RustRss/target/x86_64-linux-android/debug/librustrss_desktop_lib.so" requires shared lib "libc.so"

[Incubating] Problems report is available at: file:///home/tcy/Github/RustRss/src-tauri/gen/android/build/reports/problems/problems-report.html

Deprecated Gradle features were used in this build, making it incompatible with Gradle 10.

You can use '--warning-mode all' to show the individual deprecation warnings and determine if they come from your own scripts or plugins.

For more on this, please refer to https://docs.gradle.org/9.6.1/userguide/command_line_interface.html#sec:command_line_warnings in the Gradle documentation.
Configuration cache entry stored.
    Finished 1 APK at:
        /home/tcy/Github/RustRss/src-tauri/gen/android/app/build/outputs/apk/universal/debug/app-universal-debug.apk

