package: name='tech.expoli.rustrss' versionCode='2000' versionName='0.2.0' platformBuildVersionName='17' platformBuildVersionCode='37' compileSdkVersion='37' compileSdkVersionCodename='17'
sdkVersion:'24'
targetSdkVersion:'37'
uses-permission: name='android.permission.INTERNET'
uses-permission: name='android.permission.RECEIVE_BOOT_COMPLETED'
uses-permission: name='android.permission.WAKE_LOCK'
uses-permission: name='android.permission.POST_NOTIFICATIONS'
uses-permission: name='tech.expoli.rustrss.DYNAMIC_RECEIVER_NOT_EXPORTED_PERMISSION'
application-label:'RustRss'
application-label-af:'RustRss'
application-label-am:'RustRss'
application-label-ar:'RustRss'
application-label-as:'RustRss'
application-label-az:'RustRss'
application-label-be:'RustRss'
application-label-bg:'RustRss'
application-label-bn:'RustRss'
application-label-bs:'RustRss'
application-label-ca:'RustRss'
application-label-cs:'RustRss'
application-label-da:'RustRss'
application-label-de:'RustRss'
application-label-el:'RustRss'
application-label-en-AU:'RustRss'
application-label-en-CA:'RustRss'
application-label-en-GB:'RustRss'
application-label-en-IN:'RustRss'
application-label-en-XC:'RustRss'
application-label-es:'RustRss'
application-label-es-419:'RustRss'
application-label-es-US:'RustRss'
application-label-et:'RustRss'
application-label-eu:'RustRss'
application-label-fa:'RustRss'
application-label-fi:'RustRss'
application-label-fr:'RustRss'
application-label-fr-CA:'RustRss'
application-label-gl:'RustRss'
application-label-gu:'RustRss'
application-label-hi:'RustRss'
application-label-hr:'RustRss'
application-label-hu:'RustRss'
application-label-hy:'RustRss'
application-label-in:'RustRss'
application-label-is:'RustRss'
application-label-it:'RustRss'
application-label-iw:'RustRss'
application-label-ja:'RustRss'
application-label-ka:'RustRss'
application-label-kk:'RustRss'
application-label-km:'RustRss'
application-label-kn:'RustRss'
application-label-ko:'RustRss'
application-label-ky:'RustRss'
application-label-lo:'RustRss'
application-label-lt:'RustRss'
application-label-lv:'RustRss'
application-label-mk:'RustRss'
application-label-ml:'RustRss'
application-label-mn:'RustRss'
application-label-mr:'RustRss'
application-label-ms:'RustRss'
application-label-my:'RustRss'
application-label-nb:'RustRss'
application-label-ne:'RustRss'
application-label-nl:'RustRss'
application-label-or:'RustRss'
application-label-pa:'RustRss'
application-label-pl:'RustRss'
application-label-pt:'RustRss'
application-label-pt-BR:'RustRss'
application-label-pt-PT:'RustRss'
application-label-ro:'RustRss'
application-label-ru:'RustRss'
application-label-si:'RustRss'
application-label-sk:'RustRss'
application-label-sl:'RustRss'
application-label-sq:'RustRss'
application-label-sr:'RustRss'
application-label-sr-Latn:'RustRss'
application-label-sv:'RustRss'
application-label-sw:'RustRss'
application-label-ta:'RustRss'
application-label-te:'RustRss'
application-label-th:'RustRss'
application-label-tl:'RustRss'
application-label-tr:'RustRss'
application-label-uk:'RustRss'
application-label-ur:'RustRss'
application-label-uz:'RustRss'
application-label-vi:'RustRss'
application-label-zh-CN:'RustRss'
application-label-zh-HK:'RustRss'
application-label-zh-TW:'RustRss'
application-label-zu:'RustRss'
application-icon-160:'res/BW.xml'
application-icon-240:'res/BW.xml'
application-icon-320:'res/BW.xml'
application-icon-480:'res/BW.xml'
application-icon-640:'res/BW.xml'
application-icon-65534:'res/BW.xml'
application: label='RustRss' icon='res/BW.xml'
launchable-activity: name='tech.expoli.rustrss.MainActivity'  label='RustRss' icon=''
leanback-launchable-activity: name='tech.expoli.rustrss.MainActivity'  label='RustRss' icon='' banner=''
feature-group: label=''
  uses-feature-not-required: name='android.software.leanback'
  uses-feature: name='android.hardware.faketouch'
  uses-implied-feature: name='android.hardware.faketouch' reason='default feature for all apps'
main
other-receivers
supports-screens: 'small' 'normal' 'large' 'xlarge'
supports-any-density: 'true'
locales: '--_--' 'af' 'am' 'ar' 'as' 'az' 'be' 'bg' 'bn' 'bs' 'ca' 'cs' 'da' 'de' 'el' 'en-AU' 'en-CA' 'en-GB' 'en-IN' 'en-XC' 'es' 'es-419' 'es-US' 'et' 'eu' 'fa' 'fi' 'fr' 'fr-CA' 'gl' 'gu' 'hi' 'hr' 'hu' 'hy' 'in' 'is' 'it' 'iw' 'ja' 'ka' 'kk' 'km' 'kn' 'ko' 'ky' 'lo' 'lt' 'lv' 'mk' 'ml' 'mn' 'mr' 'ms' 'my' 'nb' 'ne' 'nl' 'or' 'pa' 'pl' 'pt' 'pt-BR' 'pt-PT' 'ro' 'ru' 'si' 'sk' 'sl' 'sq' 'sr' 'sr-Latn' 'sv' 'sw' 'ta' 'te' 'th' 'tl' 'tr' 'uk' 'ur' 'uz' 'vi' 'zh-CN' 'zh-HK' 'zh-TW' 'zu'
densities: '160' '240' '320' '480' '640' '65534'
native-code: 'arm64-v8a' 'x86_64'
