--------- beginning of main
10-01 02:35:27.257 20847 20847 I T4A11Y  : type=TYPE_VIEW_ACCESSIBILITY_FOCUS_CLEARED package=tech.expoli.rustrss id=null text=null desc=null a11yFocus=false state=null selected=false checked=false checkable=false
10-01 02:35:27.270 20847 20847 I T4A11Y  : type=TYPE_VIEW_ACCESSIBILITY_FOCUS_CLEARED package=tech.expoli.rustrss id=null text=RustRss desc=null a11yFocus=true state=null selected=false checked=false checkable=false
10-01 02:35:27.287 20847 20847 I T4A11Y  : type=TYPE_VIEW_ACCESSIBILITY_FOCUS_CLEARED package=tech.expoli.rustrss id=null text=RustRss desc=null a11yFocus=true state=null selected=false checked=false checkable=false
10-01 02:35:27.304 20847 20847 I T4A11Y  : type=TYPE_VIEW_ACCESSIBILITY_FOCUSED package=tech.expoli.rustrss id=null text=RustRss desc=null a11yFocus=true state=null selected=false checked=false checkable=false
10-01 02:35:27.304 20847 20847 I T4A11Y  : type=TYPE_WINDOWS_CHANGED package=null id=null text=null desc=null a11yFocus=null state=null selected=null checked=null checkable=null
10-01 02:35:27.469 20847 20847 I T4A11Y  : type=TYPE_VIEW_ACCESSIBILITY_FOCUS_CLEARED package=tech.expoli.rustrss id=null text=RustRss desc=null a11yFocus=false state=null selected=false checked=false checkable=false
10-01 02:35:27.488 20847 20847 I T4A11Y  : type=TYPE_VIEW_ACCESSIBILITY_FOCUSED package=tech.expoli.rustrss id=m-reader-back text=返回列表 desc=null a11yFocus=true state=null selected=false checked=false checkable=false
10-01 02:35:27.488 20847 20847 I T4A11Y  : type=TYPE_WINDOWS_CHANGED package=null id=null text=null desc=null a11yFocus=null state=null selected=null checked=null checkable=null
10-01 02:35:27.769 20847 20847 I T4A11Y  : type=TYPE_VIEW_ACCESSIBILITY_FOCUS_CLEARED package=tech.expoli.rustrss id=m-reader-back text=返回列表 desc=null a11yFocus=false state=null selected=false checked=false checkable=false
10-01 02:35:27.769 20847 20847 I T4A11Y  : type=TYPE_WINDOWS_CHANGED package=null id=null text=null desc=null a11yFocus=null state=null selected=null checked=null checkable=null
10-01 02:35:27.790 20847 20847 I T4A11Y  : type=TYPE_VIEW_ACCESSIBILITY_FOCUSED package=tech.expoli.rustrss id=reader text= desc=null a11yFocus=true state=null selected=false checked=false checkable=false
10-01 02:35:28.086 20847 20847 I T4A11Y  : type=TYPE_VIEW_ACCESSIBILITY_FOCUS_CLEARED package=tech.expoli.rustrss id=reader text= desc=null a11yFocus=false state=null selected=false checked=false checkable=false
10-01 02:35:28.103 20847 20847 I T4A11Y  : type=TYPE_VIEW_ACCESSIBILITY_FOCUSED package=tech.expoli.rustrss id=null text=000 · 一篇用于测试长标题换行的文章：阅读布局在中文和 English words 混排时必须完整保留标题与操作入口 desc=null a11yFocus=true state=null selected=false checked=false checkable=false
10-01 02:35:28.103 20847 20847 I T4A11Y  : type=TYPE_WINDOWS_CHANGED package=null id=null text=null desc=null a11yFocus=null state=null selected=null checked=null checkable=null
10-01 02:35:28.386 20847 20847 I T4A11Y  : type=TYPE_VIEW_ACCESSIBILITY_FOCUS_CLEARED package=tech.expoli.rustrss id=null text=000 · 一篇用于测试长标题换行的文章：阅读布局在中文和 English words 混排时必须完整保留标题与操作入口 desc=null a11yFocus=false state=null selected=false checked=false checkable=false
10-01 02:35:28.407 20847 20847 I T4A11Y  : type=TYPE_VIEW_ACCESSIBILITY_FOCUSED package=tech.expoli.rustrss id=null text=中文阅读 · 日常观察 desc=null a11yFocus=true state=null selected=false checked=false checkable=false
10-01 02:35:28.407 20847 20847 I T4A11Y  : type=TYPE_WINDOWS_CHANGED package=null id=null text=null desc=null a11yFocus=null state=null selected=null checked=null checkable=null
10-01 02:35:28.670 20847 20847 I T4A11Y  : type=TYPE_VIEW_ACCESSIBILITY_FOCUS_CLEARED package=tech.expoli.rustrss id=null text=中文阅读 · 日常观察 desc=null a11yFocus=false state=null selected=false checked=false checkable=false
10-01 02:35:28.687 20847 20847 I T4A11Y  : type=TYPE_VIEW_ACCESSIBILITY_FOCUSED package=tech.expoli.rustrss id=null text=2026/09/30 desc=null a11yFocus=true state=null selected=false checked=false checkable=false
10-01 02:35:28.687 20847 20847 I T4A11Y  : type=TYPE_WINDOWS_CHANGED package=null id=null text=null desc=null a11yFocus=null state=null selected=null checked=null checkable=null
10-01 02:35:28.986 20847 20847 I T4A11Y  : type=TYPE_VIEW_ACCESSIBILITY_FOCUS_CLEARED package=tech.expoli.rustrss id=null text=2026/09/30 desc=null a11yFocus=false state=null selected=false checked=false checkable=false
10-01 02:35:29.003 20847 20847 I T4A11Y  : type=TYPE_VIEW_ACCESSIBILITY_FOCUSED package=tech.expoli.rustrss id=null text=示例作者 desc=null a11yFocus=true state=null selected=false checked=false checkable=false
10-01 02:35:29.003 20847 20847 I T4A11Y  : type=TYPE_WINDOWS_CHANGED package=null id=null text=null desc=null a11yFocus=null state=null selected=null checked=null checkable=null
10-01 02:35:29.269 20847 20847 I T4A11Y  : type=TYPE_VIEW_ACCESSIBILITY_FOCUS_CLEARED package=tech.expoli.rustrss id=null text=示例作者 desc=null a11yFocus=false state=null selected=false checked=false checkable=false
10-01 02:35:29.287 20847 20847 I T4A11Y  : type=TYPE_VIEW_ACCESSIBILITY_FOCUSED package=tech.expoli.rustrss id=act-aa text=Aa desc=null a11yFocus=true state=null selected=false checked=false checkable=false
10-01 02:35:29.287 20847 20847 I T4A11Y  : type=TYPE_WINDOWS_CHANGED package=null id=null text=null desc=null a11yFocus=null state=null selected=null checked=null checkable=null
10-01 02:35:29.586 20847 20847 I T4A11Y  : type=TYPE_VIEW_ACCESSIBILITY_FOCUS_CLEARED package=tech.expoli.rustrss id=act-aa text=Aa desc=null a11yFocus=false state=null selected=false checked=false checkable=false
10-01 02:35:29.603 20847 20847 I T4A11Y  : type=TYPE_VIEW_ACCESSIBILITY_FOCUSED package=tech.expoli.rustrss id=act-star text=加星标 desc=null a11yFocus=true state=Off selected=false checked=false checkable=true
10-01 02:35:29.603 20847 20847 I T4A11Y  : type=TYPE_WINDOWS_CHANGED package=null id=null text=null desc=null a11yFocus=null state=null selected=null checked=null checkable=null
10-01 02:35:29.853 20847 20847 I T4A11Y  : type=TYPE_VIEW_ACCESSIBILITY_FOCUS_CLEARED package=tech.expoli.rustrss id=act-star text=加星标 desc=null a11yFocus=false state=Off selected=false checked=false checkable=true
10-01 02:35:29.870 20847 20847 I T4A11Y  : type=TYPE_VIEW_ACCESSIBILITY_FOCUSED package=tech.expoli.rustrss id=act-later text=稍后读 desc=null a11yFocus=true state=Off selected=false checked=false checkable=true
10-01 02:35:29.870 20847 20847 I T4A11Y  : type=TYPE_WINDOWS_CHANGED package=null id=null text=null desc=null a11yFocus=null state=null selected=null checked=null checkable=null
10-01 02:35:30.137 20847 20847 I T4A11Y  : type=TYPE_VIEW_ACCESSIBILITY_FOCUS_CLEARED package=tech.expoli.rustrss id=act-later text=稍后读 desc=null a11yFocus=false state=Off selected=false checked=false checkable=true
10-01 02:35:30.153 20847 20847 I T4A11Y  : type=TYPE_VIEW_ACCESSIBILITY_FOCUSED package=tech.expoli.rustrss id=act-more text=更多 desc=null a11yFocus=true state=null selected=false checked=false checkable=false
10-01 02:35:30.153 20847 20847 I T4A11Y  : type=TYPE_WINDOWS_CHANGED package=null id=null text=null desc=null a11yFocus=null state=null selected=null checked=null checkable=null
10-01 02:35:30.469 20847 20847 I T4A11Y  : type=TYPE_VIEW_FOCUSED package=tech.expoli.rustrss id=null text=null desc=null a11yFocus=false state=null selected=false checked=false checkable=false
10-01 02:35:30.482 20847 20847 I T4A11Y  : type=TYPE_WINDOW_CONTENT_CHANGED package=tech.expoli.rustrss id=null text=null desc=null a11yFocus=false state=null selected=false checked=false checkable=false
10-01 02:35:30.487 20847 20847 I T4A11Y  : type=TYPE_WINDOW_CONTENT_CHANGED package=tech.expoli.rustrss id=null text=RustRss desc=null a11yFocus=false state=null selected=false checked=false checkable=false
10-01 02:35:30.503 20847 20847 I T4A11Y  : type=TYPE_VIEW_FOCUSED package=tech.expoli.rustrss id=null text=标为未读 desc=null a11yFocus=true state=null selected=false checked=false checkable=false
10-01 02:35:30.505 20847 20847 I T4A11Y  : type=TYPE_VIEW_ACCESSIBILITY_FOCUSED package=tech.expoli.rustrss id=null text=标为未读 desc=null a11yFocus=true state=null selected=false checked=false checkable=false
10-01 02:35:30.505 20847 20847 I T4A11Y  : type=TYPE_VIEW_CLICKED package=tech.expoli.rustrss id=null text=RustRss desc=null a11yFocus=false state=null selected=false checked=false checkable=false
10-01 02:35:31.109 20847 20847 I T4A11Y  : type=TYPE_VIEW_ACCESSIBILITY_FOCUS_CLEARED package=tech.expoli.rustrss id=null text=标为未读 desc=null a11yFocus=true state=null selected=false checked=false checkable=false
10-01 02:35:31.125 20847 20847 I T4A11Y  : type=TYPE_VIEW_ACCESSIBILITY_FOCUS_CLEARED package=tech.expoli.rustrss id=null text=标为未读 desc=null a11yFocus=true state=null selected=false checked=false checkable=false
10-01 02:35:31.125 20847 20847 I T4A11Y  : type=TYPE_WINDOWS_CHANGED package=null id=null text=null desc=null a11yFocus=null state=null selected=null checked=null checkable=null
10-01 02:35:31.128 20847 20847 I T4A11Y  : type=TYPE_VIEW_ACCESSIBILITY_FOCUSED package=tech.expoli.rustrss id=null text=标为未读 desc=null a11yFocus=true state=null selected=false checked=false checkable=false
10-01 02:35:31.850 20847 20847 I T4A11Y  : type=TYPE_WINDOW_CONTENT_CHANGED package=tech.expoli.rustrss id=null text=null desc=null a11yFocus=null state=null selected=null checked=null checkable=null
10-01 02:35:31.853 20847 20847 I T4A11Y  : type=TYPE_WINDOW_CONTENT_CHANGED package=tech.expoli.rustrss id=null text=RustRss desc=null a11yFocus=false state=null selected=false checked=false checkable=false
10-01 02:35:31.870 20847 20847 I T4A11Y  : type=TYPE_VIEW_FOCUSED package=tech.expoli.rustrss id=act-more text=更多 desc=null a11yFocus=true state=null selected=false checked=false checkable=false
10-01 02:35:31.870 20847 20847 I T4A11Y  : type=TYPE_VIEW_ACCESSIBILITY_FOCUSED package=tech.expoli.rustrss id=act-more text=更多 desc=null a11yFocus=true state=null selected=false checked=false checkable=false
10-01 02:35:31.873 20847 20847 I T4A11Y  : type=TYPE_WINDOW_CONTENT_CHANGED package=tech.expoli.rustrss id=status text= desc=null a11yFocus=false state=null selected=false checked=false checkable=false
10-01 02:35:31.890 20847 20847 I T4A11Y  : type=TYPE_WINDOW_CONTENT_CHANGED package=tech.expoli.rustrss id=null text= desc=null a11yFocus=false state=null selected=false checked=false checkable=false
10-01 02:35:31.910 20847 20847 I T4A11Y  : type=TYPE_VIEW_ACCESSIBILITY_FOCUS_CLEARED package=tech.expoli.rustrss id=act-more text=更多 desc=null a11yFocus=true state=null selected=false checked=false checkable=false
10-01 02:35:31.912 20847 20847 I T4A11Y  : type=TYPE_VIEW_ACCESSIBILITY_FOCUS_CLEARED package=tech.expoli.rustrss id=act-more text=更多 desc=null a11yFocus=true state=null selected=false checked=false checkable=false
10-01 02:35:31.920 20847 20847 I T4A11Y  : type=TYPE_VIEW_ACCESSIBILITY_FOCUSED package=tech.expoli.rustrss id=act-more text=更多 desc=null a11yFocus=true state=null selected=false checked=false checkable=false
10-01 02:35:31.920 20847 20847 I T4A11Y  : type=TYPE_WINDOWS_CHANGED package=null id=null text=null desc=null a11yFocus=null state=null selected=null checked=null checkable=null
10-01 02:35:32.294 20847 20847 I T4A11Y  : type=TYPE_WINDOW_CONTENT_CHANGED package=tech.expoli.rustrss id=null text=null desc=null a11yFocus=false state=null selected=false checked=false checkable=false
10-01 02:35:32.303 20847 20847 I T4A11Y  : type=TYPE_WINDOW_CONTENT_CHANGED package=tech.expoli.rustrss id=null text=RustRss desc=null a11yFocus=false state=null selected=false checked=false checkable=false
10-01 02:35:32.320 20847 20847 I T4A11Y  : type=TYPE_VIEW_FOCUSED package=tech.expoli.rustrss id=null text=标为已读 desc=null a11yFocus=true state=null selected=false checked=false checkable=false
10-01 02:35:32.321 20847 20847 I T4A11Y  : type=TYPE_VIEW_ACCESSIBILITY_FOCUSED package=tech.expoli.rustrss id=null text=标为已读 desc=null a11yFocus=true state=null selected=false checked=false checkable=false
10-01 02:35:32.322 20847 20847 I T4A11Y  : type=TYPE_VIEW_CLICKED package=tech.expoli.rustrss id=null text=RustRss desc=null a11yFocus=false state=null selected=false checked=false checkable=false
10-01 02:35:32.347 20847 20847 I T4A11Y  : type=TYPE_VIEW_ACCESSIBILITY_FOCUS_CLEARED package=tech.expoli.rustrss id=null text=标为已读 desc=null a11yFocus=false state=null selected=false checked=false checkable=false
10-01 02:35:32.347 20847 20847 I T4A11Y  : type=TYPE_VIEW_ACCESSIBILITY_FOCUS_CLEARED package=tech.expoli.rustrss id=null text=标为已读 desc=null a11yFocus=false state=null selected=false checked=false checkable=false
10-01 02:35:32.367 20847 20847 I T4A11Y  : type=TYPE_VIEW_ACCESSIBILITY_FOCUSED package=tech.expoli.rustrss id=null text=标为已读 desc=null a11yFocus=true state=null selected=false checked=false checkable=false
10-01 02:35:32.367 20847 20847 I T4A11Y  : type=TYPE_WINDOWS_CHANGED package=null id=null text=null desc=null a11yFocus=null state=null selected=null checked=null checkable=null
10-01 02:35:32.499 20847 20847 I T4A11Y  : type=TYPE_WINDOW_CONTENT_CHANGED package=tech.expoli.rustrss id=null text=null desc=null a11yFocus=null state=null selected=null checked=null checkable=null
10-01 02:35:32.503 20847 20847 I T4A11Y  : type=TYPE_WINDOW_CONTENT_CHANGED package=tech.expoli.rustrss id=null text=RustRss desc=null a11yFocus=false state=null selected=false checked=false checkable=false
10-01 02:35:32.524 20847 20847 I T4A11Y  : type=TYPE_VIEW_FOCUSED package=tech.expoli.rustrss id=act-more text=更多 desc=null a11yFocus=true state=null selected=false checked=false checkable=false
10-01 02:35:32.525 20847 20847 I T4A11Y  : type=TYPE_VIEW_ACCESSIBILITY_FOCUSED package=tech.expoli.rustrss id=act-more text=更多 desc=null a11yFocus=true state=null selected=false checked=false checkable=false
10-01 02:35:32.525 20847 20847 I T4A11Y  : type=TYPE_WINDOW_CONTENT_CHANGED package=tech.expoli.rustrss id=status text= desc=null a11yFocus=false state=null selected=false checked=false checkable=false
10-01 02:35:32.526 20847 20847 I T4A11Y  : type=TYPE_WINDOW_CONTENT_CHANGED package=tech.expoli.rustrss id=null text= desc=null a11yFocus=false state=null selected=false checked=false checkable=false
10-01 02:35:32.536 20847 20847 I T4A11Y  : type=TYPE_VIEW_ACCESSIBILITY_FOCUS_CLEARED package=tech.expoli.rustrss id=act-more text=更多 desc=null a11yFocus=false state=null selected=false checked=false checkable=false
10-01 02:35:32.536 20847 20847 I T4A11Y  : type=TYPE_VIEW_ACCESSIBILITY_FOCUS_CLEARED package=tech.expoli.rustrss id=act-more text=更多 desc=null a11yFocus=false state=null selected=false checked=false checkable=false
10-01 02:35:32.558 20847 20847 I T4A11Y  : type=TYPE_VIEW_ACCESSIBILITY_FOCUSED package=tech.expoli.rustrss id=act-more text=更多 desc=null a11yFocus=true state=null selected=false checked=false checkable=false
10-01 02:35:32.559 20847 20847 I T4A11Y  : type=TYPE_WINDOWS_CHANGED package=null id=null text=null desc=null a11yFocus=null state=null selected=null checked=null checkable=null
