✔ chat renders actual parts_json text blocks, not arbitrary HTML/tools (6.092296ms)
✔ send binds digest date/scope; privacy is remembered per endpoint and scope (3.80319ms)
✔ privacy cancellation retains draft and never sends (2.385668ms)
✔ single-flight submit and running stop do not resend (4.957341ms)
✔ configuration/setup and budget errors retain draft and exact backend error (5.956809ms)
✔ completion never steals navigation, including events for another session (3.275067ms)
✔ late session fetch cannot paint a replaced chat/article (2.152807ms)
✔ persisted fast failure exposes setup and recovers the submitted draft (1.69633ms)
✔ successful send clears the unbound draft cache (1.736126ms)
✔ message reconciliation preserves unchanged bubbles and never scrolls an up-scrolled user (2.615986ms)
✔ chat navigation clears selected article and invalidates reader; composition Enter is ignored (2.11231ms)
✔ mobile chat Back closes input before returning to digests; navigation remains five tabs (1.725796ms)
✔ i18n dictionaries have matching keys and all chat keys in both languages (4.58837ms)
✔ deferred history load blocks input/send/retry and confirms the persisted scope after loading (2.441214ms)
✔ failed deferred history load remains blocked instead of authorizing unknown scope (1.364851ms)
✔ deferred successful receipt preserves a newer draft even if completion arrived first (7.552007ms)
✔ deferred receipt only clears an unchanged submitted snapshot (1.40645ms)
✔ locale change during deferred history load retranslates chat without replacing draft, route or scroll (1.898344ms)
✔ deferred delete cannot steal navigation to article (1.425366ms)
✔ deferred delete cannot steal navigation to another chat (1.183026ms)
✔ chunks batch one render, patch only the current text node and never scroll up-scrolled readers (1.35893ms)
✔ late, duplicate, wrong-message and post-terminal chunks are discarded without rendering (0.963259ms)
✔ earlier messages prepend with an anchored scroll position, single flight and deduplication (1.30123ms)
✔ pagination replies after navigation are ignored and terminal refresh retains previously loaded pages (0.964772ms)
✔ chunks before a new-session receipt or while hidden are retained without stealing navigation (0.83213ms)
✔ error keeps the partial bubble until persisted reply and does not replace the failure notice with partial output (3.046604ms)
✔ openDigestDate clears the selected entry (s/u/l cannot touch a hidden article) (12.58452ms)
✔ a late digest response must not replace an article opened meanwhile (1.300289ms)
✔ empty state distinguishes no subscriptions, search, unread and tag views (3.315545ms)
✔ a subscribed feed whose initial fetch fails is not reported as success (4.857271ms)
✔ successful initial fetch retains successful status and normal cleanup (1.6171ms)
✔ fetch messages use stable codes rather than diagnostic language (1.704426ms)
✔ IPC preserves structured discovery code while retaining legacy string errors (2.453758ms)
✔ proxy save trims custom values and clears inactive proxy fields (4.705503ms)
✔ proxy rejection leaves accepted settings alone and releases the save button (1.749882ms)
✔ feed reorder rejects self, foreign groups and stale IDs before IPC (2.910305ms)
✔ unsubscribe cancellation cannot delete and confirmation sends exact feed ID (3.110886ms)
✔ folder deletion explains rehomed feeds and cancellation performs no write (1.471544ms)
✔ every fetch failure code the core can emit has a mapping (1.566273ms)
✔ every mapped key exists in both language dictionaries (1.19012ms)
✔ question mark opens keyboard help, with a missing-binding negative control (6.232582ms)
✔ help never opens while typing or over settings and never navigates behind its dialog (5.436872ms)
✔ sidebar rows activate by Enter or Space without activating nested controls twice (1.539492ms)
✔ article navigation moves focus away from sidebar activation targets (2.946534ms)
✔ footer performs zero writes when unchanged (2.289487ms)
✔ older total response cannot replace newer cache; resolved total refreshes footer (1.453961ms)
✔ old page cannot overwrite cursor after view reset (2.958857ms)
✔ folder list and totals carry the selected folder (2.108754ms)
✔ late article response cannot replace the more recently opened article (1.602532ms)
✔ moving a feed refreshes the open folder membership (1.171053ms)
✔ batch marking sends explicit all scope (3.954587ms)
✔ batch marking sends explicit unread scope (3.580558ms)
✔ batch marking sends explicit starred scope (1.415507ms)
✔ batch marking sends explicit later scope (1.267486ms)
✔ batch marking sends explicit feed scope (1.752677ms)
✔ batch marking sends explicit tag scope (1.651636ms)
✔ batch marking sends explicit folder scope (1.576342ms)
✔ batch marking sends explicit search scope (1.263539ms)
✔ all UI JavaScript literal ID references have markup or runtime creators (11.89441ms)
✔ runtime IDs are accepted only with a creation path (3.172753ms)
✔ negative control: deleted IDs in every UI file are rejected (49.507074ms)
✔ fixed preview protocol serves scripts and stylesheets in shared markup (0.870403ms)
✔ native component fixture serves the shared icon script (0.561926ms)
✔ resource scanning tolerates attribute order, quote style and extra attributes (0.356577ms)
✔ negative control: omitted script and stylesheet resources are rejected (1.047869ms)
✔ preview inline colors use shared renderer variables (0.245436ms)
✔ entry picker disables inherited and both checkboxes, labels provenance and explains edits (5.387498ms)
✔ feed picker keeps the same tags editable (2.916967ms)
✔ toggleTagOnEntry feed blocks inherited writes but permits manual removal (2.159971ms)
✔ toggleTagOnEntry both blocks inherited writes but permits manual removal (1.139002ms)
✔ toggleTagOnEntry manual blocks inherited writes but permits manual removal (1.71752ms)
✔ feed write refreshes data even when picker is closed during commit (1.589116ms)
✔ afterFeedTagChange refreshes list/chips/counts, guards stale reader (false) (2.059129ms)
✔ afterFeedTagChange refreshes list/chips/counts, guards stale reader (true) (1.066103ms)
✔ feed-tag reread uses keyed existing list nodes and patches only chips (1.553991ms)
✔ feed tags do not load an article list over the digest or chat view (4.223879ms)
✔ appearance and Aa use one reading field definition (2.585909ms)
✔ sparse patches preserve unrelated fields and distinguish inherit from clear all (2.274418ms)
✔ draft preview never persists or changes the base revision (0.633032ms)
✔ late validation is discarded after another edit or cancel (0.506371ms)
✔ seven categories retain old non-theme action IDs exactly once (1.121278ms)
✔ reset-all then edit preserves removal of every other existing override (0.561445ms)
✔ superseded validation errors do not replace a newer successful preview (0.685671ms)
✔ language switching cannot silently discard a theme draft (3.973463ms)
✔ late font discovery refreshes every live editor without resetting drafts (12.049344ms)
✔ failed font discovery can be retried on the next opening (3.389174ms)
✔ hidden polling does not read; event forces a check; unchanged revision does not apply (1.807281ms)
✔ one in-flight check coalesces bursts and catches a notification arriving during a read (0.523925ms)
✔ disposing drops late replies and failures do not poison the next read (0.807393ms)
✔ every semantic color and layout field maps to a bounded token (1.412231ms)
✔ same snapshot has zero writes; color changes do not touch layout or DOM children (3.434971ms)
✔ system changes use complete mode palette without persisting; stale revisions ignored (0.678328ms)
✔ font names are individual escaped families; generic fallbacks stay generic (0.206572ms)
✔ local slider preview resets to the authoritative snapshot without a revision change (0.893105ms)
✔ layout change preserves live paragraph offset without replacing nodes (0.570753ms)
✔ late font completion does not undo user scrolling or touch a replaced article (0.538192ms)
✔ settings responses cannot roll the current theme backward (2.659429ms)
✔ list thumbnail markup escapes remote URLs and suppresses referrer (3.006648ms)
✔ theme thumbnail preference toggles the existing list image without replacing it (5.78906ms)
ℹ tests 99
ℹ suites 0
ℹ pass 99
ℹ fail 0
ℹ cancelled 0
ℹ skipped 0
ℹ todo 0
ℹ duration_ms 179.089048
